(base) PS E:\GitHubCode\C_Wind-Speed-Forecast-TC> git branch
* main
(base) PS E:\GitHubCode\C_Wind-Speed-Forecast-TC> git branch feature/learn
(base) PS E:\GitHubCode\C_Wind-Speed-Forecast-TC> git branch              
  feature/learn
* main
(base) PS E:\GitHubCode\C_Wind-Speed-Forecast-TC> git checkout feature/learn
M       .idea/Wind-Speed-Forecast-TCN_GRU.iml
M       .idea/misc.xml
Switched to branch 'feature/learn'
(base) PS E:\GitHubCode\C_Wind-Speed-Forecast-TC> git status
On branch feature/learn
Changes not staged for commit:
  (use "git add <file>..." to update what will be committed)
  (use "git restore <file>..." to discard changes in working directory)
        modified:   .idea/Wind-Speed-Forecast-TCN_GRU.iml
        modified:   .idea/misc.xml
        modified:   PyEMD/__pycache__/CEEMDAN.cpython-38.pyc
        modified:   PyEMD/__pycache__/EEMD.cpython-38.pyc
        modified:   PyEMD/__pycache__/EMD.cpython-38.pyc
        modified:   PyEMD/__pycache__/__init__.cpython-38.pyc
        modified:   PyEMD/__pycache__/compact.cpython-38.pyc
        modified:   PyEMD/__pycache__/splines.cpython-38.pyc
        modified:   PyEMD/__pycache__/utils.cpython-38.pyc
        modified:   PyEMD/__pycache__/visualisation.cpython-38.pyc
        modified:   __pycache__/Decomposition.cpython-38.pyc
        modified:   __pycache__/models.cpython-38.pyc
        modified:   __pycache__/vmdpy.cpython-38.pyc
        modified:   learn/test.py
        modified:   main.py
        modified:   models.py
        modified:   pre_ssa_tcn_gru.csv
        modified:   __pycache__/vmdpy.cpython-38.pyc
        modified:   learn/test.py
        modified:   main.py
        modified:   models.py
        modified:   pre_ssa_tcn_gru.csv
        modified:   tcn/__pycache__/__init__.cpython-38.pyc
        modified:   tcn/__pycache__/tcn.cpython-38.pyc

Untracked files:
  (use "git add <file>..." to include in what will be committed)
        __pycache__/models.cpython-311.pyc
        ssa_denoise_200.csv

no changes added to commit (use "git add" and/or "git commit -a")
(base) PS E:\GitHubCode\C_Wind-Speed-Forecast-TC> git add .
(base) PS E:\GitHubCode\C_Wind-Speed-Forecast-TC> git status
On branch feature/learn
Changes to be committed:
  (use "git restore --staged <file>..." to unstage)
        modified:   .idea/Wind-Speed-Forecast-TCN_GRU.iml
        modified:   .idea/misc.xml
        modified:   PyEMD/__pycache__/CEEMDAN.cpython-38.pyc
        modified:   PyEMD/__pycache__/EEMD.cpython-38.pyc
        modified:   PyEMD/__pycache__/EMD.cpython-38.pyc
        modified:   PyEMD/__pycache__/__init__.cpython-38.pyc
        modified:   PyEMD/__pycache__/compact.cpython-38.pyc
        modified:   PyEMD/__pycache__/splines.cpython-38.pyc
        modified:   PyEMD/__pycache__/utils.cpython-38.pyc
        modified:   PyEMD/__pycache__/visualisation.cpython-38.pyc
        modified:   __pycache__/Decomposition.cpython-38.pyc
        new file:   __pycache__/models.cpython-311.pyc
        modified:   __pycache__/models.cpython-38.pyc
        modified:   __pycache__/vmdpy.cpython-38.pyc
        modified:   all_test/STL_VMD.py
        modified:   learn/test.py
        modified:   main.py
        modified:   models.py
        modified:   pre_ssa_tcn_gru.csv
        new file:   ssa_denoise_200.csv
        modified:   tcn/__pycache__/__init__.cpython-38.pyc
        modified:   tcn/__pycache__/tcn.cpython-38.pyc

(base) PS E:\GitHubCode\C_Wind-Speed-Forecast-TC> git commit -m add 'explain'  
error: pathspec 'explain' did not match any file(s) known to git
(base) PS E:\GitHubCode\C_Wind-Speed-Forecast-TC> git commit -m 'explain'    
[feature/learn 3a5a4e3] explain
 22 files changed, 456 insertions(+), 227 deletions(-)
 create mode 100644 __pycache__/models.cpython-311.pyc
 create mode 100644 ssa_denoise_200.csv
(base) PS E:\GitHubCode\C_Wind-Speed-Forecast-TC> git push
fatal: The current branch feature/learn has no upstream branch.
To push the current branch and set the remote as upstream, use

    git push --set-upstream origin feature/learn

To have this happen automatically for branches without a tracking
upstream, see 'push.autoSetupRemote' in 'git help config'.

(base) PS E:\GitHubCode\C_Wind-Speed-Forecast-TC> git branch             
* feature/learn
  main
(base) PS E:\GitHubCode\C_Wind-Speed-Forecast-TC> git checkout main
Switched to branch 'main'
Your branch is up to date with 'origin/main'.
(base) PS E:\GitHubCode\C_Wind-Speed-Forecast-TC> git branch -v
  feature/learn 3a5a4e3 explain
* main          614a084 'STL_VMD'
(base) PS E:\GitHubCode\C_Wind-Speed-Forecast-TC> git branch -vv
  feature/learn 3a5a4e3 explain
* main          614a084 [origin/main] 'STL_VMD'
(base) PS E:\GitHubCode\C_Wind-Speed-Forecast-TC> git checkout feature/learn
Switched to branch 'feature/learn'
(base) PS E:\GitHubCode\C_Wind-Speed-Forecast-TC> git branch
* feature/learn
  main
(base) PS E:\GitHubCode\C_Wind-Speed-Forecast-TC> git branch -vv
* feature/learn 3a5a4e3 explain
  main          614a084 [origin/main] 'STL_VMD'
(base) PS E:\GitHubCode\C_Wind-Speed-Forecast-TC> git push --set-upstream origin feature/learn
Username for 'https://github.com': 2328409226@qq.com
Password for 'https://2328409226@qq.com@github.com': 
remote: Support for password authentication was removed on August 13, 2021.
remote: Please see https://docs.github.com/get-started/getting-started-with-git/about-remote-repositories#cloning-with-https-urls for information on currently recommended modes of authentication.      
fatal: Authentication failed for 'https://github.com/haozhenHG/C_Wind-Speed-Forecast-TC.git/'

                                                                                                                                             
(base) PS E:\GitHubCode\C_Wind-Speed-Forecast-TC> git push --set-upstream origin feature/learn                                                                                                           
Username for 'https://github.com': 2328409226@qq.com                                                                                                                                                     
Password for 'https://2328409226@qq.com@github.com': 
Enumerating objects: 49, done.
Counting objects: 100% (49/49), done.
Delta compression using up to 28 threads
Compressing objects: 100% (30/30), done.
Writing objects: 100% (31/31), 41.67 KiB | 8.33 MiB/s, done.
Total 31 (delta 12), reused 0 (delta 0), pack-reused 0 (from 0)
remote: Resolving deltas: 100% (12/12), completed with 12 local objects.
remote:
remote: Create a pull request for 'feature/learn' on GitHub by visiting:
remote:      https://github.com/haozhenHG/C_Wind-Speed-Forecast-TC/pull/new/feature/learn
remote:
To https://github.com/haozhenHG/C_Wind-Speed-Forecast-TC.git
 * [new branch]      feature/learn -> feature/learn
branch 'feature/learn' set up to track 'origin/feature/learn'.
(base) PS E:\GitHubCode\C_Wind-Speed-Forecast-TC> 

